Có ảnh thêm: 222/551 điểm · tổng 616 ảnh
Không có ảnh phù hợp: p1 Đại Nội Huế (Hoàng thành)
Không có ảnh phù hợp: p6 Đồi Vọng Cảnh
Không có ảnh phù hợp: p7 Bún bò Huế quanh chợ Đông Ba
Không có ảnh phù hợp: p8 Cơm hến Cồn Hến
Không có ảnh phù hợp: p9 Bánh bèo, nậm, lọc
Không có ảnh phù hợp: p10 Cà phê muối
Không có ảnh phù hợp: p11 Chè Huế
Không có ảnh phù hợp: p12 Vịnh Lăng Cô
Không có ảnh phù hợp: p13 Vườn quốc gia Bạch Mã
Không có ảnh phù hợp: p14 Hải sản Lăng Cô
Không có ảnh phù hợp: p16 Bến Bính & bờ sông Cấm
Không có ảnh phù hợp: p17 Bánh đa cua Hải Phòng
Không có ảnh phù hợp: p18 Bánh mì que
Không có ảnh phù hợp: p19 Nem cua bể & đồ biển
Không có ảnh phù hợp: p21 Hải sản Đồ Sơn
Không có ảnh phù hợp: p22 Vịnh Lan Hạ
Không có ảnh phù hợp: p23 Vườn quốc gia Cát Bà
Không có ảnh phù hợp: p25 Pháo đài Thần Công
Không có ảnh phù hợp: p26 Hải sản chợ Cát Bà
Không có ảnh phù hợp: p27 Côn Sơn – Kiếp Bạc
Không có ảnh phù hợp: p28 Bánh đậu xanh Hải Dương
Không có ảnh phù hợp: p29 Cầu Rồng
Không có ảnh phù hợp: p33 Bà Nà Hills – Cầu Vàng
Không có ảnh phù hợp: p34 Cầu Tình Yêu & tượng Cá chép hóa rồng
Không có ảnh phù hợp: p35 Mì Quảng
Không có ảnh phù hợp: p36 Bún chả cá
Không có ảnh phù hợp: p37 Bánh tráng cuốn thịt heo
Không có ảnh phù hợp: p38 Hải sản bãi biển Mân Thái
Không có ảnh phù hợp: p41 Chùa Cầu
Không có ảnh phù hợp: p42 Thả đèn hoa đăng sông Hoài
Không có ảnh phù hợp: p44 Rừng dừa Bảy Mẫu
Không có ảnh phù hợp: p45 Thánh địa Mỹ Sơn
Không có ảnh phù hợp: p47 Cao lầu
Không có ảnh phù hợp: p48 Cơm gà Hội An
Không có ảnh phù hợp: p49 Nước mót và cà phê phố cổ
Không có ảnh phù hợp: p55 Công viên bờ sông Thủ Thiêm
Không có ảnh phù hợp: p57 Cơm tấm
Không có ảnh phù hợp: p58 Phở Hòa Pasteur
Không có ảnh phù hợp: p59 Bánh mì Huỳnh Hoa
Không có ảnh phù hợp: p60 Phố ốc Vĩnh Khánh
Không có ảnh phù hợp: p61 Cà phê vợt Cheo Leo
Không có ảnh phù hợp: p65 Mũi Nghinh Phong
Không có ảnh phù hợp: p67 Bánh khọt Gốc Vú Sữa
Không có ảnh phù hợp: p68 Hải sản chợ Xóm Lưới
Không có ảnh phù hợp: p70 Nghĩa trang Hàng Dương
Không có ảnh phù hợp: p71 Cầu tàu 914
Không có ảnh phù hợp: p72 Bãi Đầm Trầu
Không có ảnh phù hợp: p76 Nhà cổ Bình Thủy
Không có ảnh phù hợp: p77 Thiền viện Trúc Lâm Phương Nam
Không có ảnh phù hợp: p79 Lẩu mắm
Không có ảnh phù hợp: p81 Chùa Dơi
Không có ảnh phù hợp: p82 Chùa Kh'Leang
Không có ảnh phù hợp: p83 Bún nước lèo Sóc Trăng
Không có ảnh phù hợp: p84 Bánh pía Sóc Trăng
Không có ảnh phù hợp: p86 Động Ngườm Ngao
Không có ảnh phù hợp: p88 Hạt dẻ Trùng Khánh
Không có ảnh phù hợp: p89 Khu di tích Pác Bó
Không có ảnh phù hợp: p90 Suối Lê Nin
Không có ảnh phù hợp: p91 Bánh cuốn canh Cao Bằng
Không có ảnh phù hợp: p92 Vịt quay 7 vị
Không có ảnh phù hợp: p93 Đồi A1
Không có ảnh phù hợp: p94 Bảo tàng Chiến thắng Điện Biên Phủ
Không có ảnh phù hợp: p95 Hầm Đờ Cát
Không có ảnh phù hợp: p96 Tượng đài Chiến thắng Điện Biên Phủ
Không có ảnh phù hợp: p97 Cánh đồng Mường Thanh
Không có ảnh phù hợp: p98 Xôi nếp nương, cơm lam
Không có ảnh phù hợp: p99 Ẩm thực Thái
Không có ảnh phù hợp: p100 Biển Thiên Cầm
Không có ảnh phù hợp: p101 Khu di tích Ngã ba Đồng Lộc
Không có ảnh phù hợp: p102 Ram bánh mướt
Không có ảnh phù hợp: p103 Kẹo cu đơ
Không có ảnh phù hợp: p104 Hải sản Thiên Cầm
Không có ảnh phù hợp: p105 Khu lưu niệm Nguyễn Du
Không có ảnh phù hợp: p106 Biển Xuân Thành
Không có ảnh phù hợp: p107 Đèo Ô Quy Hồ
Không có ảnh phù hợp: p108 Cao nguyên Sìn Hồ
Không có ảnh phù hợp: p109 Đồi chè Tân Uyên
Không có ảnh phù hợp: p110 Động Pu Sam Cáp
Không có ảnh phù hợp: p111 Ẩm thực TP Lai Châu
Không có ảnh phù hợp: p112 Cơm lam, thịt gác bếp
Không có ảnh phù hợp: p114 Thành nhà Mạc
Không có ảnh phù hợp: p115 Ải Chi Lăng
Không có ảnh phù hợp: p116 Vịt quay mắc mật
Không có ảnh phù hợp: p117 Phở chua Lạng Sơn
Không có ảnh phù hợp: p118 Chợ Đông Kinh
Không có ảnh phù hợp: p119 Núi Mẫu Sơn
Không có ảnh phù hợp: p120 Biển Cửa Lò
Không có ảnh phù hợp: p121 Đảo Lan Châu
Không có ảnh phù hợp: p122 Quảng trường Hồ Chí Minh
Không có ảnh phù hợp: p123 Súp lươn Vinh
Không có ảnh phù hợp: p124 Hải sản Cửa Lò
Không có ảnh phù hợp: p125 Khu di tích Kim Liên (Làng Sen)
Không có ảnh phù hợp: p126 Thác Khe Kèm
Không có ảnh phù hợp: p127 Vịnh Hạ Long (cảng Tuần Châu)
Không có ảnh phù hợp: p128 Bãi Cháy
Không có ảnh phù hợp: p129 Vòng quay Mặt Trời
Không có ảnh phù hợp: p130 Bảo tàng Quảng Ninh
Không có ảnh phù hợp: p131 Chả mực Hạ Long
Không có ảnh phù hợp: p132 Hải sản Hòn Gai
Không có ảnh phù hợp: p134 Đảo Cô Tô – bãi Hồng Vàn
Không có ảnh phù hợp: p136 Hòn Trống Mái
Không có ảnh phù hợp: p137 Nem chua Thanh Hóa
Không có ảnh phù hợp: p138 Bánh cuốn Thanh Hóa
Không có ảnh phù hợp: p139 Hải sản Sầm Sơn
Không có ảnh phù hợp: p140 Thành nhà Hồ
Không có ảnh phù hợp: p141 Pù Luông
Không có ảnh phù hợp: p142 Đồi chè trái tim
Không có ảnh phù hợp: p143 Thác Dải Yếm
Không có ảnh phù hợp: p144 Rừng thông Bản Áng
Không có ảnh phù hợp: p145 Bê chao, sữa bò Mộc Châu
Không có ảnh phù hợp: p146 Bảo tàng – Nhà tù Sơn La
Không có ảnh phù hợp: p147 Ẩm thực Tây Bắc
Không có ảnh phù hợp: p148 Cột cờ Lũng Cú
Không có ảnh phù hợp: p149 Đèo Mã Pì Lèng
Không có ảnh phù hợp: p151 Dinh thự họ Vương
Không có ảnh phù hợp: p152 Sông Nho Quế
Không có ảnh phù hợp: p153 Cột mốc 0 km TP Hà Giang
Không có ảnh phù hợp: p154 Bánh cuốn trứng Hà Giang
Không có ảnh phù hợp: p155 Thắng cố chợ phiên Đồng Văn
Không có ảnh phù hợp: p156 Cháo ấu tẩu
Không có ảnh phù hợp: p157 Khu di tích Tân Trào
Không có ảnh phù hợp: p158 Hồ Na Hang
Không có ảnh phù hợp: p159 Cá bống sông Lô
Không có ảnh phù hợp: p160 Fansipan (cáp treo)
Không có ảnh phù hợp: p161 Bản Cát Cát
Không có ảnh phù hợp: p163 Thung lũng Mường Hoa
Không có ảnh phù hợp: p164 Chợ phiên Bắc Hà
Không có ảnh phù hợp: p165 Lẩu cá tầm
Không có ảnh phù hợp: p166 Đồ nướng chợ đêm Sa Pa
Không có ảnh phù hợp: p167 Cơm lam, lợn cắp nách
Không có ảnh phù hợp: p168 Đồi Mâm Xôi
Không có ảnh phù hợp: p169 Đèo Khau Phạ
Không có ảnh phù hợp: p170 Xôi Tú Lệ, thịt trâu gác bếp
Không có ảnh phù hợp: p171 Hồ Ba Bể
Không có ảnh phù hợp: p172 Động Puông
Không có ảnh phù hợp: p173 Thác Đầu Đẳng
Không có ảnh phù hợp: p174 Cá nướng, vịt bầu Ba Bể
Không có ảnh phù hợp: p175 Bảo tàng Văn hóa các dân tộc Việt Nam
Không có ảnh phù hợp: p176 Đồi chè Tân Cương
Không có ảnh phù hợp: p177 Hồ Núi Cốc
Không có ảnh phù hợp: p178 Trà Tân Cương
Không có ảnh phù hợp: p179 Khu di tích Đền Hùng
Không có ảnh phù hợp: p180 Bánh tai, cơm nắm lá cọ
Không có ảnh phù hợp: p181 Nhà thờ đá Tam Đảo
Không có ảnh phù hợp: p182 Thác Bạc Tam Đảo
Không có ảnh phù hợp: p183 Thiền viện Trúc Lâm Tây Thiên
Không có ảnh phù hợp: p184 Su su, gà đồi Tam Đảo
Không có ảnh phù hợp: p185 Bản Lác
Không có ảnh phù hợp: p186 Cơm lam, cá suối Mai Châu
Không có ảnh phù hợp: p187 Chùa Dâu
Không có ảnh phù hợp: p188 Chùa Bút Tháp
Không có ảnh phù hợp: p189 Đền Đô
Không có ảnh phù hợp: p190 Làng tranh Đông Hồ
Không có ảnh phù hợp: p191 Bánh phu thê Đình Bảng
Không có ảnh phù hợp: p192 Bún, bánh tẻ Kinh Bắc
Không có ảnh phù hợp: p193 Chùa Vĩnh Nghiêm
Không có ảnh phù hợp: p194 Văn Miếu Xích Đằng
Không có ảnh phù hợp: p195 Đền Mẫu Hưng Yên
Không có ảnh phù hợp: p196 Gà Đông Tảo
Không có ảnh phù hợp: p197 Tương Bần
Không có ảnh phù hợp: p198 Chùa Keo
Không có ảnh phù hợp: p199 Biển Đồng Châu
Không có ảnh phù hợp: p200 Bánh cáy Thái Bình
Không có ảnh phù hợp: p201 Canh cá Quỳnh Côi
Không có ảnh phù hợp: p204 Hang Múa
Không có ảnh phù hợp: p207 Dê núi, cơm cháy
Không có ảnh phù hợp: p208 Đền Trần
Không có ảnh phù hợp: p209 Phở bò Nam Định
Không có ảnh phù hợp: p210 Nhà thờ đổ Hải Lý
Không có ảnh phù hợp: p211 Chùa Tam Chúc
Không có ảnh phù hợp: p212 Cá kho làng Vũ Đại
Không có ảnh phù hợp: p214 Động Thiên Đường
Không có ảnh phù hợp: p215 Biển Nhật Lệ
Không có ảnh phù hợp: p216 Mộ Đại tướng Võ Nguyên Giáp
Không có ảnh phù hợp: p217 Cháo canh Quảng Bình
Không có ảnh phù hợp: p218 Hải sản Nhật Lệ
Không có ảnh phù hợp: p219 Thành cổ Quảng Trị
Không có ảnh phù hợp: p220 Địa đạo Vịnh Mốc
Không có ảnh phù hợp: p222 Cháo bột cá lóc
Không có ảnh phù hợp: p223 Cổng Tò Vò
Không có ảnh phù hợp: p224 Đỉnh Thới Lới
Không có ảnh phù hợp: p225 Đảo Bé
Không có ảnh phù hợp: p226 Gỏi tỏi, ốc Lý Sơn
Không có ảnh phù hợp: p227 Khu chứng tích Sơn Mỹ
Không có ảnh phù hợp: p228 Cá bống sông Trà
Không có ảnh phù hợp: p229 Hồ Đăk Ke
Không có ảnh phù hợp: p230 Rừng thông Măng Đen
Không có ảnh phù hợp: p232 Gỏi lá Kon Tum
Không có ảnh phù hợp: p233 Eo Gió
Không có ảnh phù hợp: p234 Kỳ Co
Không có ảnh phù hợp: p236 Ghềnh Ráng Tiên Sa
Không có ảnh phù hợp: p237 Bảo tàng Quang Trung
Không có ảnh phù hợp: p238 Bánh xèo tôm nhảy
Không có ảnh phù hợp: p239 Hải sản Quy Nhơn
Không có ảnh phù hợp: p240 Biển Hồ (hồ T'Nưng)
Không có ảnh phù hợp: p241 Đồi chè Biển Hồ
Không có ảnh phù hợp: p242 Phở khô Gia Lai
Không có ảnh phù hợp: p246 Bãi Dài Cam Ranh
Không có ảnh phù hợp: p247 Bún chả cá Nha Trang
Không có ảnh phù hợp: p248 Nem nướng Ninh Hòa
Không có ảnh phù hợp: p249 Chợ Đầm Nha Trang
Không có ảnh phù hợp: p251 Hang Rái
Không có ảnh phù hợp: p253 Đồi cát Nam Cương
Không có ảnh phù hợp: p254 Bánh căn Phan Rang
Không có ảnh phù hợp: p255 Nho, táo Ninh Thuận
Không có ảnh phù hợp: p258 Quảng trường Lâm Viên
Không có ảnh phù hợp: p260 Dinh Bảo Đại (Dinh III)
Không có ảnh phù hợp: p261 Đồi chè Cầu Đất
Không có ảnh phù hợp: p263 Bánh căn Đà Lạt
Không có ảnh phù hợp: p264 Lẩu gà lá é
Không có ảnh phù hợp: p265 Chợ đêm Đà Lạt
Không có ảnh phù hợp: p266 Cà phê ngắm đồi thông
Không có ảnh phù hợp: p267 Đồi cát đỏ Mũi Né
Không có ảnh phù hợp: p268 Đồi cát trắng Bàu Trắng
Không có ảnh phù hợp: p269 Suối Tiên Mũi Né
Không có ảnh phù hợp: p270 Làng chài Mũi Né
Không có ảnh phù hợp: p271 Tháp Chăm Pô Sah Inư
Không có ảnh phù hợp: p272 Hải sản làng chài Mũi Né
Không có ảnh phù hợp: p273 Bánh căn, bánh xèo Phan Thiết
Không có ảnh phù hợp: p274 Hồ Tà Đùng
Không có ảnh phù hợp: p275 Bảo tàng Thế giới Cà phê
Không có ảnh phù hợp: p276 Buôn Đôn
Không có ảnh phù hợp: p277 Hồ Lắk
Không có ảnh phù hợp: p278 Cà phê Buôn Ma Thuột
Không có ảnh phù hợp: p279 Gà nướng, bún đỏ
Không có ảnh phù hợp: p280 Gành Đá Đĩa
Không có ảnh phù hợp: p281 Mũi Điện (Đại Lãnh)
Không có ảnh phù hợp: p282 Bãi Xép
Không có ảnh phù hợp: p283 Bánh hỏi lòng heo, mắt cá ngừ
Không có ảnh phù hợp: p284 Văn miếu Trấn Biên
Không có ảnh phù hợp: p285 Khu du lịch Bửu Long
Không có ảnh phù hợp: p286 Hồ Trị An
Không có ảnh phù hợp: p287 Bưởi Tân Triều, gỏi cá
Không có ảnh phù hợp: p288 Vườn quốc gia Nam Cát Tiên
Không có ảnh phù hợp: p289 Vườn quốc gia Bù Gia Mập
Không có ảnh phù hợp: p290 Hạt điều Bình Phước
Không có ảnh phù hợp: p291 Núi Bà Đen
Không có ảnh phù hợp: p293 Hồ Dầu Tiếng
Không có ảnh phù hợp: p294 Bánh tráng phơi sương Trảng Bàng
Không có ảnh phù hợp: p295 Bánh canh Trảng Bàng
Không có ảnh phù hợp: p296 Khu bảo tồn Láng Sen
Không có ảnh phù hợp: p297 Lạp xưởng Cần Đước
Không có ảnh phù hợp: p298 Cồn Phụng
Không có ảnh phù hợp: p299 Kẹo dừa Bến Tre
Không có ảnh phù hợp: p300 Ẩm thực miệt vườn Bến Tre
Không có ảnh phù hợp: p301 Văn Thánh Miếu Vĩnh Long
Không có ảnh phù hợp: p302 Cù lao An Bình
Không có ảnh phù hợp: p303 Cá tai tượng chiên xù
Không có ảnh phù hợp: p304 Ao Bà Om
Không có ảnh phù hợp: p305 Chùa Âng
Không có ảnh phù hợp: p306 Bún nước lèo Trà Vinh
Không có ảnh phù hợp: p307 Vườn quốc gia Tràm Chim
Không có ảnh phù hợp: p308 Làng hoa Sa Đéc
Không có ảnh phù hợp: p309 Nhà cổ Huỳnh Thủy Lê
Không có ảnh phù hợp: p310 Hủ tiếu Sa Đéc
Không có ảnh phù hợp: p311 Đồng sen Tháp Mười
Không có ảnh phù hợp: p312 Chùa Vĩnh Tràng
Không có ảnh phù hợp: p314 Hủ tiếu Mỹ Tho
Không có ảnh phù hợp: p315 Chợ nổi Cái Bè
Không có ảnh phù hợp: p316 Đất Mũi Cà Mau
Không có ảnh phù hợp: p317 Vườn quốc gia U Minh Hạ
Không có ảnh phù hợp: p318 Cua Cà Mau, ba khía
Không có ảnh phù hợp: p320 Cánh đồng điện gió
Không có ảnh phù hợp: p321 Quán âm Phật Đài (Mẹ Nam Hải)
Không có ảnh phù hợp: p326 Cáp treo Hòn Thơm
Không có ảnh phù hợp: p327 Chợ đêm Phú Quốc
Không có ảnh phù hợp: p328 Bún quậy Kiến Xây
Không có ảnh phù hợp: p329 Gỏi cá trích Hàm Ninh
Không có ảnh phù hợp: p330 Miếu Bà Chúa Xứ núi Sam
Không có ảnh phù hợp: p331 Núi Cấm
Không có ảnh phù hợp: p332 Rừng tràm Trà Sư
Không có ảnh phù hợp: p333 Bún cá Châu Đốc
Không có ảnh phù hợp: p334 Mắm Châu Đốc
Không có ảnh phù hợp: p335 Thạch Động
Không có ảnh phù hợp: p336 Mũi Nai
Không có ảnh phù hợp: p337 Hải sản Hà Tiên
Không có ảnh phù hợp: f2 Bún chả Hương Liên
Không có ảnh phù hợp: f3 Chả cá Lã Vọng
Không có ảnh phù hợp: f5 Bánh mì 25
Không có ảnh phù hợp: f7 Xôi Yến
Không có ảnh phù hợp: f8 Bún bò Nam Bộ Hàng Điếu
Không có ảnh phù hợp: f9 Phở cuốn Ngũ Xã
Không có ảnh phù hợp: f10 Phố bánh cốm Hàng Than
Không có ảnh phù hợp: f11 Bánh tôm Hồ Tây
Không có ảnh phù hợp: f12 Phở 10 Lý Quốc Sư
Không có ảnh phù hợp: f13 Cà phê Đinh
Không có ảnh phù hợp: s6 Bảo tàng Dân tộc học Việt Nam
Không có ảnh phù hợp: s8 Phố cổ & phố đi bộ Hồ Gươm
Không có ảnh phù hợp: c1 Phố đường tàu
Không có ảnh phù hợp: c5 Cột cờ Hà Nội
Không có ảnh phù hợp: c6 Phố Nguyễn Du mùa hoa sữa
Không có ảnh phù hợp: c7 Hoàng hôn Hồ Tây
Không có ảnh phù hợp: i:pattaya-6 Tiffany's Show
Không có ảnh phù hợp: i:chiangmai-9 Phố Nimman
Không có ảnh phù hợp: i:guilin-3 Phố Tây Nhai (Dương Sóc)
Không có ảnh phù hợp: i:seoul-11 Hongdae
Không có ảnh phù hợp: i:jeju-6 Đảo Udo
Không có ảnh phù hợp: i:jeju-7 Bãi biển Hyeopjae
Không có ảnh phù hợp: i:jeju-8 Chợ Dongmun
Dừng vì hết thời gian, chạy lại để làm tiếp
