Có tọa độ: 187/206 · Có ảnh: 192/206
THIẾU ẢNH: pattaya-3 "Ko Lan"
KHÔNG CÓ BÀI: pattaya-6 "Tiffany's Show Pattaya"
THIẾU TỌA ĐỘ: pattaya-7 "Pattaya Floating Market"
KHÔNG CÓ BÀI: phuket-1 "Big Buddha (Phuket)"
KHÔNG CÓ BÀI: phuket-5 "Bangla Road"
KHÔNG CÓ BÀI: phuket-6 "Promthep Cape"
THIẾU TỌA ĐỘ: phuket-8 "Phuket (city)"
THIẾU TỌA ĐỘ: phuket-9 "Kata Beach"
KHÔNG CÓ BÀI: chiangmai-9 "Nimmanhaemin Road"
THIẾU ẢNH: beijing-11 "Shichahai"
KHÔNG CÓ BÀI: guilin-3 "West Street (Yangshuo)"
THIẾU TỌA ĐỘ: seoul-11 "Hongdae"
THIẾU ẢNH: seoul-11 "Hongdae"
THIẾU TỌA ĐỘ: jeju-7 "Hyeopjae Beach"
KHÔNG CÓ BÀI: jeju-8 "Dongmun Market"
KHÔNG CÓ BÀI: tokyo-6 "Tsukiji Outer Market"
KHÔNG CÓ BÀI: osaka-4 "Kuromon Market"
KHÔNG CÓ BÀI: kyoto-8 "Philosopher's Path"
THIẾU TỌA ĐỘ: kualalumpur-3 "Jalan Alor"
THIẾU TỌA ĐỘ: kualalumpur-4 "Kuala Lumpur Tower"
THIẾU TỌA ĐỘ: bali-3 "Ubud"
THIẾU TỌA ĐỘ: bali-9 "Kuta"
THIẾU ẢNH: bali-9 "Kuta"
