CAND 0 File:Ha Long Bay on a sunny day.jpg
CAND 1 File:Nissan Sunny XL sedan, front view.jpg
CAND 2 File:Nissan Sunny XL sedan, rear view.jpg
CAND 3 File:Bao Hai Linh Thong Tu pagoda aerial view Ha Long Bay Quang Ninh Vietnam.jpg
CAND 4 File:Newone - Quang Ninh Queen cable car.jpg
CAND 5 File:Lan Ha Bay 05.jpg
CAND 6 File:Lan Ha Bay 15.jpg
CAND 7 File:Lan Ha Bay 20.jpg
CAND 8 File:Lan Ha Bay 21.jpg
CAND 9 File:Lan Ha Bay 30.jpg
CAND 10 File:Lan Ha Bay 37.jpg
CAND 11 File:Lan Ha Bay 39.jpg
CAND 12 File:Lan Ha Bay and Ha Long Bay.jpg
CAND 13 File:Lan Ha baie panorama bis.jpg
CAND 14 File:Lan Ha bay 1.jpg
CAND 15 File:Lan Ha bay 2.jpg
CAND 16 File:Lan Ha bay jonques.jpg
CAND 17 File:Lan Ha bay panorama ter.jpg
CAND 18 File:Bái Tử Long Bay - 03.jpg
CAND 19 File:HaLongBayBIG.jpg
CAND 20 File:Halong Bay panorama.jpg
CAND 21 File:Halong Bay panorama2.jpg
CAND 22 File:Halongbay panorama.jpg
CAND 23 File:Hạ Long Bay Panorama, Vietnam.jpg
CAND 24 File:Seattle 3.jpg
CAND 25 File:Tonkin. Baie d'Along. Panorama pris des hauteurs de l'enceinte du Grand Cirque - (photogr.) A. S(alles) - btv1b53013154s (1 of 2).jpg
CAND 26 File:Tonkin. Baie d'Along. Panorama pris des hauteurs de l'enceinte du Grand Cirque - (photogr.) A. S(alles) - btv1b53013203n (1 of 2).jpg
CAND 27 File:Bai Tu Long Bay.jpeg
CAND 28 File:Bai Tu Long Bay - Quang Ninh - Vietnam (35892945123).jpg
CAND 29 File:Bái Tử Long.jpg
CAND 30 File:Bái Tử Long Bay - 01.jpg
CAND 31 File:Bái Tử Long Bay - 02.jpg
CAND 32 File:Bái Tử Long Bay - 04.jpg
CAND 33 File:Bái Tử Long Bay - 05.jpg
CAND 34 File:Bái Tử Long Bay - 06.jpg
CAND 35 File:Bái Tử Long Bay - 07.jpg
CAND 36 File:Bái Tử Long Bay - 08.jpg
CAND 37 File:Bái Tử Long Bay - 09.jpg
CAND 38 File:Bái Tử Long Bay - silhouettes.jpg
CAND 39 File:1 Phu Quoc beach Saigon Phu Quoc Resort and Spa.jpg
CAND 40 File:1 Phu Quoc sunset.jpg
CAND 41 File:2 Phu Quoc beach.jpg
CAND 42 File:Bai-sao-phu-quoc-tuonglamphotos.jpg
CAND 43 File:Kem Beach aerial view Phu Quoc Island Vietnam.jpg
CAND 44 File:Kiss of the Sea fireworks show Sunset Town Sun World Phu Quoc night Vietnam.jpg
CAND 45 File:Matterport Pro2 Capturing 360 Panoramas in Phu Quoc Vietnam.jpg
CAND 46 File:Phu Quoc Beach.jpg
CAND 47 File:Phu Quoc beach 01.jpg
CAND 48 File:Phu Quoc beach Saigon Phu Quoc Resort and Spa.jpg
CAND 49 File:Phu Quoc beach Saigon Phu Quoc Resort and Spa (2).jpg
CAND 50 File:Trang An Landscape Complex, Ninh Binh Province, 20240202 1410 5232.jpg
CAND 51 File:Trang An Landscape Complex, Ninh Binh Province, Vietnam, 20240202 1433 5283.jpg
CAND 52 File:Trang An Landscape Complex, Ninh Binh Province, Vietnam, 20240202 1433 5284.jpg
CAND 53 File:Trang An Landscape Complex, Ninh Binh Province, Vietnam, 20240202 1447 5310.jpg
CAND 54 File:Trang An Landscape Complex, Ninh Binh Province, Vietnam, 20240202 1456 5313.jpg
CAND 55 File:Vietnam, Ninh Binh, Trang An Area.jpg
CAND 56 File:Vietnam, Ninh Binh, Trang An Cave.jpg
CAND 57 File:Arriving in Nha Trang - Vietnam.jpg
CAND 58 File:Hòn Nội, Nha Trang Bay, Vietnam.jpg
CAND 59 File:Island in Nha Trang Bay.jpg
CAND 60 File:Nha Trang, Vietnam - 53119835087.jpg
CAND 61 File:Nha Trang fishing village.jpg
CAND 62 File:Sapphire Princess anchored in Nha Trang Bay - Vietnam.jpg
CAND 63 File:Vietnam Nha Trang Scuba Diving 2009.jpg
CAND 64 File:Vietnam Nha Trang Scuba Diving 2009 - 4163161777.jpg
CAND 65 File:Vietnam Nha Trang Scuba Diving 2009 - 4163924256.jpg
CAND 66 File:Santa Maria in Campitelli (Rome) - Dome.jpg
CAND 67 File:StAngelo Bridge Rome.jpg
CAND 68 File:Trevi Fountain, Rome, Italy 2 - May 2007.jpg
CAND 69 File:Triumph of St. Ignatius of Loyola, ceiling fresco by Andrea Pozzo.jpg
CAND 70 File:Vinh hy bay.jpg
